MIME-Version: 1.0
Content-Type: multipart/mixed; boundary="===============0473894178097090749=="
Subject: Nuevo pedido #11 - ALBOR CONDE
From: alborconde@gmail.com
To: laboriloresyilian@gmail.com
Date: Sun, 06 Sep 2026 13:53:57 +0000
Message-ID: <178870283741.9820.13351981717002226387@DESKTOP-SE71D0Q>

--===============0473894178097090749==
Content-Type: text/plain; charset="utf-8"
Content-Transfer-Encoding: 7bit

El cliente Yailet Lores ha realizado un nuevo pedido. Adjuntamos el detalle.

--===============0473894178097090749==
Content-Type: application/pdf
Content-Transfer-Encoding: base64
Content-Disposition: attachment; filename="pedido_11.pdf"
MIME-Version: 1.0

JVBERi0xLjQKJZOMi54gUmVwb3J0TGFiIEdlbmVyYXRlZCBQREYgZG9jdW1lbnQgKG9wZW5zb3Vy
Y2UpCjEgMCBvYmoKPDwKL0YxIDIgMCBSIC9GMiAzIDAgUgo+PgplbmRvYmoKMiAwIG9iago8PAov
QmFzZUZvbnQgL0hlbHZldGljYSAvRW5jb2RpbmcgL1dpbkFuc2lFbmNvZGluZyAvTmFtZSAvRjEg
L1N1YnR5cGUgL1R5cGUxIC9UeXBlIC9Gb250Cj4+CmVuZG9iagozIDAgb2JqCjw8Ci9CYXNlRm9u
dCAvSGVsdmV0aWNhLUJvbGQgL0VuY29kaW5nIC9XaW5BbnNpRW5jb2RpbmcgL05hbWUgL0YyIC9T
dWJ0eXBlIC9UeXBlMSAvVHlwZSAvRm9udAo+PgplbmRvYmoKNCAwIG9iago8PAovQ29udGVudHMg
OCAwIFIgL01lZGlhQm94IFsgMCAwIDU5NS4yNzU2IDg0MS44ODk4IF0gL1BhcmVudCA3IDAgUiAv
UmVzb3VyY2VzIDw8Ci9Gb250IDEgMCBSIC9Qcm9jU2V0IFsgL1BERiAvVGV4dCAvSW1hZ2VCIC9J
bWFnZUMgL0ltYWdlSSBdCj4+IC9Sb3RhdGUgMCAvVHJhbnMgPDwKCj4+IAogIC9UeXBlIC9QYWdl
Cj4+CmVuZG9iago1IDAgb2JqCjw8Ci9QYWdlTW9kZSAvVXNlTm9uZSAvUGFnZXMgNyAwIFIgL1R5
cGUgL0NhdGFsb2cKPj4KZW5kb2JqCjYgMCBvYmoKPDwKL0F1dGhvciAoXChhbm9ueW1vdXNcKSkg
L0NyZWF0aW9uRGF0ZSAoRDoyMDI2MDkwNjA5NTM1Ny0wNCcwMCcpIC9DcmVhdG9yIChcKHVuc3Bl
Y2lmaWVkXCkpIC9LZXl3b3JkcyAoKSAvTW9kRGF0ZSAoRDoyMDI2MDkwNjA5NTM1Ny0wNCcwMCcp
IC9Qcm9kdWNlciAoUmVwb3J0TGFiIFBERiBMaWJyYXJ5IC0gXChvcGVuc291cmNlXCkpIAogIC9T
dWJqZWN0IChcKHVuc3BlY2lmaWVkXCkpIC9UaXRsZSAoXChhbm9ueW1vdXNcKSkgL1RyYXBwZWQg
L0ZhbHNlCj4+CmVuZG9iago3IDAgb2JqCjw8Ci9Db3VudCAxIC9LaWRzIFsgNCAwIFIgXSAvVHlw
ZSAvUGFnZXMKPj4KZW5kb2JqCjggMCBvYmoKPDwKL0ZpbHRlciBbIC9BU0NJSTg1RGVjb2RlIC9G
bGF0ZURlY29kZSBdIC9MZW5ndGggMTA0NQo+PgpzdHJlYW0KR2F0biU5bEpjRyY7S1pNJ3NnLjlo
SlBdJXBhJVxuYGlddUpFMTlScjRZMlsmLDpmX3A4WldYRTc+cTA/SnMncm4rMHA9ISVqTChbMjEw
IiwlTDdPZCJnIj45JVBXY0pHYEA0XlUxWl9XIkBRMVU3KTshITFeSnNOQVhHYWhBT3QvciIqI0Mr
IXRvQG5cLS9QJWVrPydQN1Q0MnRIak44PjQrVmtnTGlPPj0xSTE/KkAqRERzLk83SnMhdS5JSSUn
SEomZ05zZHBJZjIsISlrcERpaFNbPTBBLmYmaV87L0VJW1IjVF1OQyk4PXFsKXQoXDhKNVIwayVT
Zl0hY1VkLW5TLHUsZCw5W1knPylLW0tHL15wQiluXyQiW0BlXyM0PW8vJj9USFBCZmo6MlVfa3JI
SiYzNkA1LSFUVW85SSJSXi04UHFOQ3NYRHBwODpALVlucUQmTDFrQWdQY1gxcydVJ20vbTZmSk1Q
UkNuXG4tbG0uKGgyS0sxIilWbUsuVzMzPzgqKE4+UFJjLC9WKD5UZ1pnTVxGR3M1OSFkakE8MSFU
WlJhZmBSNUJlOlR1NzcuKG5NMyQzZjFXKT5vOVNyZS1tNCskQlNVZUlLQzNIaGdZVWJaVytLJ0sz
ODk1bUU7KTstLGhOPWZdLSgzMVNRMDFnWks3ZyxwSGskLGdxdDlAL1ZVKzZIRltNNXJiYmM+Ykhn
LEpgbGIuSEBLY2RucjBGdTUnPU4lVzErK3RNWV5RZHJbbHJCJlFjLVFoaVhUPDhdVmNWV2xNUUhk
Wz9abj0jOD5vKUQwT1NQO3F0ImJkOE5bTSYiKEtpaS1zYGJyVFNtVWcnKmFKWi4xPjBacjB1WXUs
OTBAQ0tdLl9WPDVpOFAwO2M3dD1BSS5xJiNaMEdsMF87QjNyIS5tQV5AYjIrakU6QjxVUVkhQDlj
VHNhQEEmKVlQLzlfRTs2cCRTY2BVPittSEg/aj1KWms2dCRbaig+KWtBdTFDKUEoUkNnVEMjRi02
TnFNLzVKcFE0dGUoMyRtJy1jbEUxMFxWUDQhbnE1OjpIbW4vSj82JkxxWVgwLiNTZXBtZ2tyNzJv
akRfJGtXPWQtJkNeM1gjPDIvZVotZlUkTllyTjw9NCQpPDpgNmU6IUUjVkIpL0dzRVlMNU0uJCgp
QkskcD9AVUlaaTQ5O0NBLS1bQSlsTkI9XjpQI1giaVJRZzoyVE9Fcmo/V2oyRXBDWlZhQldoQDwr
ciRtOyFLckpjJiUrYVY2QDhBNG1rJ3FuXzFDN0hIMmlfV0w3Z04jLDlcUT5PT2chSHVUMWBmPEgk
WiIzPDBsZ1R0citALkZcPCVFWFpjdV9sZlpSOGhvWSpeTklOUj5fQl9fcVcnclcpWVZQM2B+PmVu
ZHN0cmVhbQplbmRvYmoKeHJlZgowIDkKMDAwMDAwMDAwMCA2NTUzNSBmIAowMDAwMDAwMDYxIDAw
MDAwIG4gCjAwMDAwMDAxMDIgMDAwMDAgbiAKMDAwMDAwMDIwOSAwMDAwMCBuIAowMDAwMDAwMzIx
IDAwMDAwIG4gCjAwMDAwMDA1MjQgMDAwMDAgbiAKMDAwMDAwMDU5MiAwMDAwMCBuIAowMDAwMDAw
ODcyIDAwMDAwIG4gCjAwMDAwMDA5MzEgMDAwMDAgbiAKdHJhaWxlcgo8PAovSUQgCls8M2Y1ZjMy
MDdlZmI1NzcwMzFkOTY3MzcxNmQzMDRiNjI+PDNmNWYzMjA3ZWZiNTc3MDMxZDk2NzM3MTZkMzA0
YjYyPl0KJSBSZXBvcnRMYWIgZ2VuZXJhdGVkIFBERiBkb2N1bWVudCAtLSBkaWdlc3QgKG9wZW5z
b3VyY2UpCgovSW5mbyA2IDAgUgovUm9vdCA1IDAgUgovU2l6ZSA5Cj4+CnN0YXJ0eHJlZgoyMDY3
CiUlRU9GCg==

--===============0473894178097090749==--

-------------------------------------------------------------------------------
