MIME-Version: 1.0
Content-Type: multipart/mixed; boundary="===============4731270267991741480=="
Subject: Nuevo pedido #10 - ALBOR CONDE
From: alborconde@gmail.com
To: laboriloresyilian@gmail.com
Date: Fri, 04 Sep 2026 09:20:00 +0000
Message-ID: <178851360019.1028.12844638137704139431@DESKTOP-SE71D0Q>

--===============4731270267991741480==
Content-Type: text/plain; charset="utf-8"
Content-Transfer-Encoding: quoted-printable

El cliente Yiliet Cobas Peres ha realizado un nuevo pedido. Adjuntamos el det=
alle.

--===============4731270267991741480==
Content-Type: application/pdf
Content-Transfer-Encoding: base64
Content-Disposition: attachment; filename="pedido_10.pdf"
MIME-Version: 1.0

JVBERi0xLjQKJZOMi54gUmVwb3J0TGFiIEdlbmVyYXRlZCBQREYgZG9jdW1lbnQgKG9wZW5zb3Vy
Y2UpCjEgMCBvYmoKPDwKL0YxIDIgMCBSIC9GMiAzIDAgUgo+PgplbmRvYmoKMiAwIG9iago8PAov
QmFzZUZvbnQgL0hlbHZldGljYSAvRW5jb2RpbmcgL1dpbkFuc2lFbmNvZGluZyAvTmFtZSAvRjEg
L1N1YnR5cGUgL1R5cGUxIC9UeXBlIC9Gb250Cj4+CmVuZG9iagozIDAgb2JqCjw8Ci9CYXNlRm9u
dCAvSGVsdmV0aWNhLUJvbGQgL0VuY29kaW5nIC9XaW5BbnNpRW5jb2RpbmcgL05hbWUgL0YyIC9T
dWJ0eXBlIC9UeXBlMSAvVHlwZSAvRm9udAo+PgplbmRvYmoKNCAwIG9iago8PAovQ29udGVudHMg
OCAwIFIgL01lZGlhQm94IFsgMCAwIDU5NS4yNzU2IDg0MS44ODk4IF0gL1BhcmVudCA3IDAgUiAv
UmVzb3VyY2VzIDw8Ci9Gb250IDEgMCBSIC9Qcm9jU2V0IFsgL1BERiAvVGV4dCAvSW1hZ2VCIC9J
bWFnZUMgL0ltYWdlSSBdCj4+IC9Sb3RhdGUgMCAvVHJhbnMgPDwKCj4+IAogIC9UeXBlIC9QYWdl
Cj4+CmVuZG9iago1IDAgb2JqCjw8Ci9QYWdlTW9kZSAvVXNlTm9uZSAvUGFnZXMgNyAwIFIgL1R5
cGUgL0NhdGFsb2cKPj4KZW5kb2JqCjYgMCBvYmoKPDwKL0F1dGhvciAoXChhbm9ueW1vdXNcKSkg
L0NyZWF0aW9uRGF0ZSAoRDoyMDI2MDkwNDA1MjAwMC0wNCcwMCcpIC9DcmVhdG9yIChcKHVuc3Bl
Y2lmaWVkXCkpIC9LZXl3b3JkcyAoKSAvTW9kRGF0ZSAoRDoyMDI2MDkwNDA1MjAwMC0wNCcwMCcp
IC9Qcm9kdWNlciAoUmVwb3J0TGFiIFBERiBMaWJyYXJ5IC0gXChvcGVuc291cmNlXCkpIAogIC9T
dWJqZWN0IChcKHVuc3BlY2lmaWVkXCkpIC9UaXRsZSAoXChhbm9ueW1vdXNcKSkgL1RyYXBwZWQg
L0ZhbHNlCj4+CmVuZG9iago3IDAgb2JqCjw8Ci9Db3VudCAxIC9LaWRzIFsgNCAwIFIgXSAvVHlw
ZSAvUGFnZXMKPj4KZW5kb2JqCjggMCBvYmoKPDwKL0ZpbHRlciBbIC9BU0NJSTg1RGVjb2RlIC9G
bGF0ZURlY29kZSBdIC9MZW5ndGggMTA1NQo+PgpzdHJlYW0KR2F0biU5MkY7LSZCRjg9J045aVU4
biMnNDBDTnAyS1JkJHUiYk0qImArPHAuQz80JSozMyVsNGlOJ0FXYC1GPmErWlhlVFJLKFMzQihl
KGYnSVtBYiU0Oy1XIUhgNWtPP2tRKSdMWTI/Sjo/RmlIXitlJDBxbyg0I2VvcDspSiglXUdqY15E
WzpXWUY7LFYwVkoyIWBJMml0ZSE9JF0hI3FbKlRVZChOazxnLmZETlJmSl5MTjZoYlciPSosOCVe
LDVTZChCMHBoPltvIi5nMmJoXisvQFBoTGtSLFEmO1w/K1tyLjtmJVk/dDskTzBSLlJUMGBjYChl
dT1Oa2Rucj9NYC5yLnVxcWBoQDVMMlYlMkZiJkJaYjx0OTJdNWlZMyNeNUMjUFZIXU5VIlxUa1BI
XTY+OS0jby5iZDckVzAvbzNQRCIyRWhATlhGdV1jWlRaaTsnJkhwSmE9TFxubjtHME0yZF1uWE04
YGZnW3BLYmYsI2VXQDVeLHI5OjJKbz8scTQpTDJqYzhScz1sN0RKKy5gYCErI2JSaVsrInE5ZFFA
LiFhZWJhJyJqSlAiP24vKC5vUXNLYDlBXERQSFgwaDFWSnI5MjFhTVZMWSpDN0x0JERhNHA0Qz8n
XkBhUGVlYyIydUJtLD4+YjZaVjA1KGhlO1MnNGBWTl8rN1okVyYhL1llQGZRZF8hNWYlKktWJyk6
LCszbV9OKmw3WCQ2ZyhZZU87dCNFMDsoKVdJYUNjQiFfJEJJM3FtblhSWT0yXWksP1w1cHIpP1Nj
ZGIxSihAZkorW106OVwsKW1AMmhiYjYiR1w1WUBUdTtRQ0VWPFhKS2hXSiMtX3RPZVdyYy8kQEFk
YUZtRjNgMTBIMC0lMXUmbTQ0VWgoSGY8UScjUFlzajQqcipZNiRDRnFMSVwiMT0iMFJGRyIwUTJf
VyIuY0w4P0ctO2VaUmBUWWpbJUFoJ20tcUtaajxsOz9fOVxqa3NWKkcsWVFUN11mLDs6PU0zNWlS
SzBZNTAuTyxuQ0Fmc3JsaV43QTlpY1MicG1EWCMxUT9MbDteMjNZa2s4c2ckVklpVkVwKW5KWkda
IVg0aSgqWDhKOCkoVlBNbUw5L08hQmpeTHVHMFInNTxWQ15BW1FoLSk5WXIzUEklUmVeJk9NRDBp
OCNXQF0tIixgL1MsS0Y/RVFNLTZaPzF0NFlfTXNcSUUlMUtzclVnQEtwOCxOYW5RLWZNQlwiQk90
JDsiWTVnJCgrLEBOZnNWTSsqbSUyNSxRZyNdLyI+OUlaWS9cQDpDSG9VVmZuNW82I1pKUC4tK0Rr
bTlsOklCXkE5UygzQjMzNlAhTkwjNzQhV1ROV046SztycW5SbGs+L1ImLVFrWlcmdG1GXWFEIWhM
Pm8kUjJafj5lbmRzdHJlYW0KZW5kb2JqCnhyZWYKMCA5CjAwMDAwMDAwMDAgNjU1MzUgZiAKMDAw
MDAwMDA2MSAwMDAwMCBuIAowMDAwMDAwMTAyIDAwMDAwIG4gCjAwMDAwMDAyMDkgMDAwMDAgbiAK
MDAwMDAwMDMyMSAwMDAwMCBuIAowMDAwMDAwNTI0IDAwMDAwIG4gCjAwMDAwMDA1OTIgMDAwMDAg
biAKMDAwMDAwMDg3MiAwMDAwMCBuIAowMDAwMDAwOTMxIDAwMDAwIG4gCnRyYWlsZXIKPDwKL0lE
IApbPDJkNDY3ZDM5NmU5YTk4ZmE4MGEwOTc3OTlmZTVlN2M1PjwyZDQ2N2QzOTZlOWE5OGZhODBh
MDk3Nzk5ZmU1ZTdjNT5dCiUgUmVwb3J0TGFiIGdlbmVyYXRlZCBQREYgZG9jdW1lbnQgLS0gZGln
ZXN0IChvcGVuc291cmNlKQoKL0luZm8gNiAwIFIKL1Jvb3QgNSAwIFIKL1NpemUgOQo+PgpzdGFy
dHhyZWYKMjA3NwolJUVPRgo=

--===============4731270267991741480==--

-------------------------------------------------------------------------------
